---
source: tests/expressions.rs
expression: pretty(&expr)
---
"my_obj".my_method(1)
