---
source: tests/expressions.rs
expression: pretty(&expr)
---
0..=10
