---
source: tests/expressions.rs
expression: pretty(&expr)
---
while "cond" {
    "do_something"();
}
