---
source: tests/expressions.rs
expression: pretty(&expr)
---
{
    42;
}
