---
source: tests/expressions.rs
expression: pretty(&expr)
---
"my_func"(1, "b")
