---
source: tests/expressions.rs
expression: pretty(&expr)
---
gen {
    42;
}
