---
source: tests/expressions.rs
expression: pretty(&outer_expr)
---
(a + b) * c
