---
source: tests/expressions.rs
expression: pretty(&expr)
---
foo::bar
