---
source: tests/expressions.rs
expression: pretty(&expr)
---
my_macro!(arg1 ,  arg2)
