---
source: tests/expressions.rs
expression: pretty(&expr)
---
"x" as u32
