---
source: tests/file.rs
assertion_line: 22
expression: pretty(&file)
---
#![allow(dead_code)]
// This is a file-level comment.
fn my_function() {}
