---
source: tests/items.rs
expression: item.to_string()
---
const MAX: u16 = 234342;
