---
source: tests/items.rs
expression: pretty(&item)
---
static mut BAR: u32 = 0;
