---
source: tests/items.rs
expression: item.to_string()
---
extern crate serde;
