---
source: tests/items.rs
expression: pretty(&pub_use)
---
pub use std::collections::HashMap;
