---
source: tests/items.rs
expression: pretty(&crate_trait)
---
pub(crate) trait MyCrateTrait {}
