---
source: tests/macros.rs
expression: pretty(&item)
---
MyMacroItemWithoutVis
