---
source: tests/pretty_print.rs
expression: pretty_print_item(ast)
---
// A simple enum.
enum MyEnum { Variant1, Variant2, }
