---
source: tests/pretty_print_expressions.rs
expression: s
---
fn test_fn()  {
    (1 + 2);
}
