---
source: tests/expressions.rs
expression: pretty(&expr)
---
async {
    42;
}
