---
source: tests/pretty_print.rs
expression: pretty_print_file(ast)
---
// A simple struct.
struct Foo { field1: i32, field2: String, }

fn foo(a) -> i32 {
42;
}
