---
source: tests/pretty_print.rs
expression: pretty(&expr)
---
foo::bar
