---
source: tests/pretty_print.rs
expression: pretty(&ast)
---
fn foo() {
    std::println!("hello");
}
