---
source: tests/expressions.rs
expression: pretty(&expr)
---
return 42
