---
source: tests/pretty_print.rs
expression: pretty_print_expr(ast)
---
Foo { a: 1, b: 2 }
