---
source: tests/pretty_print.rs
expression: pretty_print_item(ast)
---
fn foo() {
"x" = 1;
}
