---
source: tests/expressions.rs
expression: pretty(&expr)
---
const {
    42;
}
