---
source: tests/signature.rs
expression: pretty(&item)
---
fn const my_fn() {}
