---
source: tests/signature.rs
expression: pretty(&item)
---
fn extern "C" my_fn() {}
