---
source: tests/visibility.rs
expression: "&pub_fn"
---
pub fn my_public_fn() {}
